// Jest Snapshot v1, https://goo.gl/fbAQLP

exports[`renders learn react link 1`] = `
Object {
  "asFragment": [Function],
  "baseElement": <body>
    <div>
      <div
        class="sc-gtssRu dcVfTe"
      />
      <div
        class="sc-bdnylx jbPAgA"
      >
        <div
          class="sc-iCoHVE cYQolu"
        >
          <div
            class="sc-fujyUd hpNXfR"
          >
            <img
              alt="weather"
              src="PartlyCloudyIcon.svg"
            />
            <h1>
              Service Victoria Weather
            </h1>
          </div>
        </div>
        <div
          class="sc-dlnjPT eFRjhE"
        >
          <div
            class="sc-jSFkmK bVlpcn"
          >
            <label>
              Unit types:
            </label>
            <select
              name="units"
            >
              <option
                value="metric"
              >
                Metric
              </option>
              <option
                value="imperial"
              >
                Imperial
              </option>
            </select>
          </div>
          <div
            class="sc-gKAblj hSTuob"
          >
            <label>
              Country:
            </label>
            <select
              name="country"
            >
              <option
                value="AU"
              >
                Australia
              </option>
              <option
                value="UK"
              >
                England
              </option>
              <option
                value="NZ"
              >
                New Zealand
              </option>
              <option
                value="IN"
              >
                India
              </option>
              <option
                value="US"
              >
                United States
              </option>
              <option
                value="IR"
              >
                Iran
              </option>
              <option
                value="RU"
              >
                Russia
              </option>
              <option
                value="IT"
              >
                Italy
              </option>
            </select>
          </div>
        </div>
        <div
          class="sc-hKFyIo fxFVqh"
        >
          <div
            class="sc-eCApGN jdRIFg"
          >
            <label
              data-testid="select-city-label"
            >
              Select city from list:
            </label>
            <select
              name="city"
            >
              <option
                value="Sydney"
              >
                Sydney
              </option>
              <option
                value="Melbourne"
              >
                Melbourne
              </option>
              <option
                value="Alice Springs"
              >
                Alice Springs
              </option>
              <option
                value="Adelaide"
              >
                Adelaide
              </option>
              <option
                value="Hobart"
              >
                Hobart
              </option>
              <option
                value="Perth"
              >
                Perth
              </option>
              <option
                value="Canberra"
              >
                Canberra
              </option>
              <option
                value="Brisbane"
              >
                Brisbane
              </option>
            </select>
          </div>
          <div
            class="sc-eCApGN jdRIFg"
          >
            <label>
               or type city's name:
            </label>
            <input
              data-testid="city-name-input"
              name="city"
              type="text"
            />
          </div>
        </div>
        <div>
           Loading ... 
        </div>
      </div>
    </div>
  </body>,
  "container": <div>
    <div
      class="sc-gtssRu dcVfTe"
    />
    <div
      class="sc-bdnylx jbPAgA"
    >
      <div
        class="sc-iCoHVE cYQolu"
      >
        <div
          class="sc-fujyUd hpNXfR"
        >
          <img
            alt="weather"
            src="PartlyCloudyIcon.svg"
          />
          <h1>
            Service Victoria Weather
          </h1>
        </div>
      </div>
      <div
        class="sc-dlnjPT eFRjhE"
      >
        <div
          class="sc-jSFkmK bVlpcn"
        >
          <label>
            Unit types:
          </label>
          <select
            name="units"
          >
            <option
              value="metric"
            >
              Metric
            </option>
            <option
              value="imperial"
            >
              Imperial
            </option>
          </select>
        </div>
        <div
          class="sc-gKAblj hSTuob"
        >
          <label>
            Country:
          </label>
          <select
            name="country"
          >
            <option
              value="AU"
            >
              Australia
            </option>
            <option
              value="UK"
            >
              England
            </option>
            <option
              value="NZ"
            >
              New Zealand
            </option>
            <option
              value="IN"
            >
              India
            </option>
            <option
              value="US"
            >
              United States
            </option>
            <option
              value="IR"
            >
              Iran
            </option>
            <option
              value="RU"
            >
              Russia
            </option>
            <option
              value="IT"
            >
              Italy
            </option>
          </select>
        </div>
      </div>
      <div
        class="sc-hKFyIo fxFVqh"
      >
        <div
          class="sc-eCApGN jdRIFg"
        >
          <label
            data-testid="select-city-label"
          >
            Select city from list:
          </label>
          <select
            name="city"
          >
            <option
              value="Sydney"
            >
              Sydney
            </option>
            <option
              value="Melbourne"
            >
              Melbourne
            </option>
            <option
              value="Alice Springs"
            >
              Alice Springs
            </option>
            <option
              value="Adelaide"
            >
              Adelaide
            </option>
            <option
              value="Hobart"
            >
              Hobart
            </option>
            <option
              value="Perth"
            >
              Perth
            </option>
            <option
              value="Canberra"
            >
              Canberra
            </option>
            <option
              value="Brisbane"
            >
              Brisbane
            </option>
          </select>
        </div>
        <div
          class="sc-eCApGN jdRIFg"
        >
          <label>
             or type city's name:
          </label>
          <input
            data-testid="city-name-input"
            name="city"
            type="text"
          />
        </div>
      </div>
      <div>
         Loading ... 
      </div>
    </div>
  </div>,
  "debug": [Function],
  "findAllByAltText": [Function],
  "findAllByDisplayValue": [Function],
  "findAllByLabelText": [Function],
  "findAllByPlaceholderText": [Function],
  "findAllByRole": [Function],
  "findAllByTestId": [Function],
  "findAllByText": [Function],
  "findAllByTitle": [Function],
  "findByAltText": [Function],
  "findByDisplayValue": [Function],
  "findByLabelText": [Function],
  "findByPlaceholderText": [Function],
  "findByRole": [Function],
  "findByTestId": [Function],
  "findByText": [Function],
  "findByTitle": [Function],
  "getAllByAltText": [Function],
  "getAllByDisplayValue": [Function],
  "getAllByLabelText": [Function],
  "getAllByPlaceholderText": [Function],
  "getAllByRole": [Function],
  "getAllByTestId": [Function],
  "getAllByText": [Function],
  "getAllByTitle": [Function],
  "getByAltText": [Function],
  "getByDisplayValue": [Function],
  "getByLabelText": [Function],
  "getByPlaceholderText": [Function],
  "getByRole": [Function],
  "getByTestId": [Function],
  "getByText": [Function],
  "getByTitle": [Function],
  "queryAllByAltText": [Function],
  "queryAllByDisplayValue": [Function],
  "queryAllByLabelText": [Function],
  "queryAllByPlaceholderText": [Function],
  "queryAllByRole": [Function],
  "queryAllByTestId": [Function],
  "queryAllByText": [Function],
  "queryAllByTitle": [Function],
  "queryByAltText": [Function],
  "queryByDisplayValue": [Function],
  "queryByLabelText": [Function],
  "queryByPlaceholderText": [Function],
  "queryByRole": [Function],
  "queryByTestId": [Function],
  "queryByText": [Function],
  "queryByTitle": [Function],
  "rerender": [Function],
  "unmount": [Function],
}
`;
