// Jest Snapshot v1, https://goo.gl/fbAQLP

exports[`austaliaWeather Serach component Rendering with Redux Store renders with redux store 1`] = `
Object {
  "asFragment": [Function],
  "baseElement": <body>
    <div>
      <div
        class="sc-bdnylx jWKbmi"
      >
        <div
          class="sc-gtssRu VrVmy"
        >
          <label
            data-testid="select-city-label"
          >
            Select city from list:
          </label>
          <select
            name="city"
          >
            <option
              value="Sydney"
            >
              Sydney
            </option>
            <option
              value="Melbourne"
            >
              Melbourne
            </option>
            <option
              value="Alice Springs"
            >
              Alice Springs
            </option>
            <option
              value="Adelaide"
            >
              Adelaide
            </option>
            <option
              value="Hobart"
            >
              Hobart
            </option>
            <option
              value="Perth"
            >
              Perth
            </option>
            <option
              value="Canberra"
            >
              Canberra
            </option>
            <option
              value="Brisbane"
            >
              Brisbane
            </option>
          </select>
        </div>
        <div
          class="sc-gtssRu VrVmy"
        >
          <label>
             or type city's name:
          </label>
          <input
            data-testid="city-name-input"
            name="city"
            type="text"
          />
        </div>
      </div>
    </div>
  </body>,
  "container": <div>
    <div
      class="sc-bdnylx jWKbmi"
    >
      <div
        class="sc-gtssRu VrVmy"
      >
        <label
          data-testid="select-city-label"
        >
          Select city from list:
        </label>
        <select
          name="city"
        >
          <option
            value="Sydney"
          >
            Sydney
          </option>
          <option
            value="Melbourne"
          >
            Melbourne
          </option>
          <option
            value="Alice Springs"
          >
            Alice Springs
          </option>
          <option
            value="Adelaide"
          >
            Adelaide
          </option>
          <option
            value="Hobart"
          >
            Hobart
          </option>
          <option
            value="Perth"
          >
            Perth
          </option>
          <option
            value="Canberra"
          >
            Canberra
          </option>
          <option
            value="Brisbane"
          >
            Brisbane
          </option>
        </select>
      </div>
      <div
        class="sc-gtssRu VrVmy"
      >
        <label>
           or type city's name:
        </label>
        <input
          data-testid="city-name-input"
          name="city"
          type="text"
        />
      </div>
    </div>
  </div>,
  "debug": [Function],
  "findAllByAltText": [Function],
  "findAllByDisplayValue": [Function],
  "findAllByLabelText": [Function],
  "findAllByPlaceholderText": [Function],
  "findAllByRole": [Function],
  "findAllByTestId": [Function],
  "findAllByText": [Function],
  "findAllByTitle": [Function],
  "findByAltText": [Function],
  "findByDisplayValue": [Function],
  "findByLabelText": [Function],
  "findByPlaceholderText": [Function],
  "findByRole": [Function],
  "findByTestId": [Function],
  "findByText": [Function],
  "findByTitle": [Function],
  "getAllByAltText": [Function],
  "getAllByDisplayValue": [Function],
  "getAllByLabelText": [Function],
  "getAllByPlaceholderText": [Function],
  "getAllByRole": [Function],
  "getAllByTestId": [Function],
  "getAllByText": [Function],
  "getAllByTitle": [Function],
  "getByAltText": [Function],
  "getByDisplayValue": [Function],
  "getByLabelText": [Function],
  "getByPlaceholderText": [Function],
  "getByRole": [Function],
  "getByTestId": [Function],
  "getByText": [Function],
  "getByTitle": [Function],
  "queryAllByAltText": [Function],
  "queryAllByDisplayValue": [Function],
  "queryAllByLabelText": [Function],
  "queryAllByPlaceholderText": [Function],
  "queryAllByRole": [Function],
  "queryAllByTestId": [Function],
  "queryAllByText": [Function],
  "queryAllByTitle": [Function],
  "queryByAltText": [Function],
  "queryByDisplayValue": [Function],
  "queryByLabelText": [Function],
  "queryByPlaceholderText": [Function],
  "queryByRole": [Function],
  "queryByTestId": [Function],
  "queryByText": [Function],
  "queryByTitle": [Function],
  "rerender": [Function],
  "unmount": [Function],
}
`;

exports[`austaliaWeather Serach component View matches the snapshot 1`] = `
Object {
  "asFragment": [Function],
  "baseElement": <body>
    <div>
      <div
        class="sc-bdnylx jWKbmi"
      >
        <div
          class="sc-gtssRu VrVmy"
        >
          <label
            data-testid="select-city-label"
          >
            Select city from list:
          </label>
          <select
            name="city"
          >
            <option
              value="Sydney"
            >
              Sydney
            </option>
            <option
              value="Melbourne"
            >
              Melbourne
            </option>
            <option
              value="Alice Springs"
            >
              Alice Springs
            </option>
            <option
              value="Adelaide"
            >
              Adelaide
            </option>
            <option
              value="Hobart"
            >
              Hobart
            </option>
            <option
              value="Perth"
            >
              Perth
            </option>
            <option
              value="Canberra"
            >
              Canberra
            </option>
            <option
              value="Brisbane"
            >
              Brisbane
            </option>
          </select>
        </div>
        <div
          class="sc-gtssRu VrVmy"
        >
          <label>
             or type city's name:
          </label>
          <input
            data-testid="city-name-input"
            name="city"
            type="text"
          />
        </div>
      </div>
    </div>
  </body>,
  "container": <div>
    <div
      class="sc-bdnylx jWKbmi"
    >
      <div
        class="sc-gtssRu VrVmy"
      >
        <label
          data-testid="select-city-label"
        >
          Select city from list:
        </label>
        <select
          name="city"
        >
          <option
            value="Sydney"
          >
            Sydney
          </option>
          <option
            value="Melbourne"
          >
            Melbourne
          </option>
          <option
            value="Alice Springs"
          >
            Alice Springs
          </option>
          <option
            value="Adelaide"
          >
            Adelaide
          </option>
          <option
            value="Hobart"
          >
            Hobart
          </option>
          <option
            value="Perth"
          >
            Perth
          </option>
          <option
            value="Canberra"
          >
            Canberra
          </option>
          <option
            value="Brisbane"
          >
            Brisbane
          </option>
        </select>
      </div>
      <div
        class="sc-gtssRu VrVmy"
      >
        <label>
           or type city's name:
        </label>
        <input
          data-testid="city-name-input"
          name="city"
          type="text"
        />
      </div>
    </div>
  </div>,
  "debug": [Function],
  "findAllByAltText": [Function],
  "findAllByDisplayValue": [Function],
  "findAllByLabelText": [Function],
  "findAllByPlaceholderText": [Function],
  "findAllByRole": [Function],
  "findAllByTestId": [Function],
  "findAllByText": [Function],
  "findAllByTitle": [Function],
  "findByAltText": [Function],
  "findByDisplayValue": [Function],
  "findByLabelText": [Function],
  "findByPlaceholderText": [Function],
  "findByRole": [Function],
  "findByTestId": [Function],
  "findByText": [Function],
  "findByTitle": [Function],
  "getAllByAltText": [Function],
  "getAllByDisplayValue": [Function],
  "getAllByLabelText": [Function],
  "getAllByPlaceholderText": [Function],
  "getAllByRole": [Function],
  "getAllByTestId": [Function],
  "getAllByText": [Function],
  "getAllByTitle": [Function],
  "getByAltText": [Function],
  "getByDisplayValue": [Function],
  "getByLabelText": [Function],
  "getByPlaceholderText": [Function],
  "getByRole": [Function],
  "getByTestId": [Function],
  "getByText": [Function],
  "getByTitle": [Function],
  "queryAllByAltText": [Function],
  "queryAllByDisplayValue": [Function],
  "queryAllByLabelText": [Function],
  "queryAllByPlaceholderText": [Function],
  "queryAllByRole": [Function],
  "queryAllByTestId": [Function],
  "queryAllByText": [Function],
  "queryAllByTitle": [Function],
  "queryByAltText": [Function],
  "queryByDisplayValue": [Function],
  "queryByLabelText": [Function],
  "queryByPlaceholderText": [Function],
  "queryByRole": [Function],
  "queryByTestId": [Function],
  "queryByText": [Function],
  "queryByTitle": [Function],
  "rerender": [Function],
  "unmount": [Function],
}
`;

exports[`austaliaWeather Serach component View renders a label 1`] = `
Array [
  <label
    data-testid="select-city-label"
  >
    Select city from list:
  </label>,
]
`;

exports[`austaliaWeather Serach component View renders a label 2`] = `
Array [
  <input
    data-testid="city-name-input"
    name="city"
    type="text"
  />,
]
`;

exports[`austaliaWeather Serach component View renders an input for city name 1`] = `
Array [
  <input
    data-testid="city-name-input"
    name="city"
    type="text"
  />,
]
`;

exports[`austaliaWeather Serach component View renders an input for city name 2`] = `
Array [
  <input
    data-testid="city-name-input"
    name="city"
    type="text"
  />,
]
`;
